Starting Delete Item Test...
Backend Menu Items: [
  { itemId: 1, name: 'Item 1', price: 100, itemType: 'Hotel' },
  { itemId: 2, name: 'Item 2', price: 200, itemType: 'Hotel' }
]
Initial Menu Size: 2
Mock Fetch: DELETE http://localhost:9090/api/menu/1
After Delete - Menu Size: 1
SUCCESS: Delete logic verified.
node : (node:34768) [
MODULE_TYPELESS_PACKA
GE_JSON] Warning: 
Module type of file:/
//C:/tiffin/tifflu/fr
ontend/js/store.js 
is not specified and 
it doesn't parse as 
CommonJS.
At line:1 char:1
+ node 
test_delete_item.mjs 
> test_output.txt 
2>&1
+ ~~~~~~~~~~~~~~~~~~~
~~~~~~~~~~~~~~~~~~~~~
~~~~~~~~
    + CategoryInfo   
           : NotSpe  
  cified: ((node:3   
 4768) [M...se as    
 CommonJS.:Strin    
g) [], RemoteExc    
eption
    + FullyQualified 
   ErrorId : Native  
  CommandError
 
Reparsing as ES 
module because 
module syntax was 
detected. This 
incurs a performance 
overhead.
To eliminate this 
warning, add "type": 
"module" to C:\tiffin
\tifflu\frontend\pack
age.json.
(Use `node 
--trace-warnings 
...` to show where 
the warning was 
created)
